=== RUN   TestGoTemplates
=== RUN   TestGoTemplates/cmd_slices.go.txtar
    generation_test.go:166: Output mismatch for cmd_slices.go.txtar:
        Expected:
        // Code generated by github.com/arran4/go-subcommand/cmd/gosubc. DO NOT EDIT.

        package main

        import (
		"flag"
		"fmt"
		"os"
		"strconv"
		"strings"
		"time"

		"example.com/mypkg"
        )

        var _ Cmd = (*MySliceCmd)(nil)

        type MySliceCmd struct {
		*RootCmd
		Flags         *flag.FlagSet
		files         []string
		counts        []int
		debugs        []bool
		timeouts      []time.Duration
		SubCommands   map[string]Cmd
		CommandAction func(c *MySliceCmd) error
        }

        type UsageDataMySliceCmd struct {
		*MySliceCmd
		Recursive bool
        }

        func (c *MySliceCmd) Usage() {
		err := executeUsage(os.Stderr, "myslicecmd_usage.txt", UsageDataMySliceCmd{c, false})
		if err != nil {
			fmt.Fprintf(os.Stderr, "Error generating usage: %s\n", err)
		}
        }

        func (c *MySliceCmd) UsageRecursive() {
		err := executeUsage(os.Stderr, "myslicecmd_usage.txt", UsageDataMySliceCmd{c, true})
		if err != nil {
			fmt.Fprintf(os.Stderr, "Error generating usage: %s\n", err)
		}
        }

        func (c *MySliceCmd) Execute(args []string) error {
		if len(args) > 0 {
			if cmd, ok := c.SubCommands[args[0]]; ok {
				return cmd.Execute(args[1:])
			}
		}
		for i := 0; i < len(args); i++ {
			arg := args[i]
			if arg == "--" {
				break
			}
			if strings.HasPrefix(arg, "-") && arg != "-" {
				name := arg
				value := ""
				hasValue := false
				if strings.Contains(arg, "=") {
					parts := strings.SplitN(arg, "=", 2)
					name = parts[0]
					value = parts[1]
					hasValue = true
				}
				trimmedName := strings.TrimLeft(name, "-")
				switch trimmedName {

				case "files", "f":
					if !hasValue {
						if i+1 < len(args) {
							value = args[i+1]
							i++
						} else {
							return fmt.Errorf("flag %s requires a value", name)
						}
					}
					c.files = append(c.files, value)

				case "counts":
					if !hasValue {
						if i+1 < len(args) {
							value = args[i+1]
							i++
						} else {
							return fmt.Errorf("flag %s requires a value", name)
						}
					}
					iv, err := strconv.Atoi(value)
					if err != nil {
						return fmt.Errorf("invalid integer value for flag %s: %s", name, value)
					}
					c.counts = append(c.counts, iv)

				case "debugs":
					if hasValue {
						b, err := strconv.ParseBool(value)
						if err != nil {
							return fmt.Errorf("invalid boolean value for flag %s: %s", name, value)
						}
						c.debugs = append(c.debugs, b)
					} else {
						c.debugs = append(c.debugs, true)
					}

				case "timeouts":
					if !hasValue {
						if i+1 < len(args) {
							value = args[i+1]
							i++
						} else {
							return fmt.Errorf("flag %s requires a value", name)
						}
					}
					d, err := time.ParseDuration(value)
					if err != nil {
						return fmt.Errorf("invalid duration value for flag %s: %s", name, value)
					}
					c.timeouts = append(c.timeouts, d)
				case "help", "h":
					c.Usage()
					return nil
				default:
					return fmt.Errorf("unknown flag: %s", name)
				}
			}
		}

		if c.CommandAction != nil {
			if err := c.CommandAction(c); err != nil {
				return fmt.Errorf("myslicecmd failed: %w", err)
			}
		} else {
			c.Usage()
		}

		return nil
        }

        func (c *RootCmd) NewMySliceCmd() *MySliceCmd {
		set := flag.NewFlagSet("myslicecmd", flag.ContinueOnError)
		v := &MySliceCmd{
			RootCmd:     c,
			Flags:       set,
			SubCommands: make(map[string]Cmd),
		}

		set.Var((*StringSlice)(&v.files), "f", "Files list")

		set.Var((*IntSlice)(&v.counts), "counts", "Counts list")

		set.Var((*BoolSlice)(&v.debugs), "debugs", "Debug list")

		set.Var((*DurationSlice)(&v.timeouts), "timeouts", "Timeouts list")
		set.Usage = v.Usage

		v.CommandAction = func(c *MySliceCmd) error {

			mypkg.MySliceFunc(c.files, c.counts, c.debugs, c.timeouts)
			return nil
		}

		v.SubCommands["help"] = &InternalCommand{
			Exec: func(args []string) error {
				for _, arg := range args {
					if arg == "-deep" {
						v.UsageRecursive()
						return nil
					}
				}
				v.Usage()
				return nil
			},
			UsageFunc: v.Usage,
		}
		v.SubCommands["usage"] = &InternalCommand{
			Exec: func(args []string) error {
				for _, arg := range args {
					if arg == "-deep" {
						v.UsageRecursive()
						return nil
					}
				}
				v.Usage()
				return nil
			},
			UsageFunc: v.Usage,
		}
		return v
        }

        Got:
        // Code generated by github.com/arran4/go-subcommand/cmd/gosubc. DO NOT EDIT.

        package main

        import (
		"flag"
		"fmt"
		"os"
		"strings"

		"example.com/mypkg"
        )

        var _ Cmd = (*MySliceCmd)(nil)

        type MySliceCmd struct {
		*RootCmd
		Flags         *flag.FlagSet
		files         []string
		counts        []int
		debugs        []bool
		timeouts      []time.Duration
		SubCommands   map[string]Cmd
		CommandAction func(c *MySliceCmd) error
        }

        type UsageDataMySliceCmd struct {
		*MySliceCmd
		Recursive bool
        }

        func (c *MySliceCmd) Usage() {
		err := executeUsage(os.Stderr, "myslicecmd_usage.txt", UsageDataMySliceCmd{c, false})
		if err != nil {
			fmt.Fprintf(os.Stderr, "Error generating usage: %s\n", err)
		}
        }

        func (c *MySliceCmd) UsageRecursive() {
		err := executeUsage(os.Stderr, "myslicecmd_usage.txt", UsageDataMySliceCmd{c, true})
		if err != nil {
			fmt.Fprintf(os.Stderr, "Error generating usage: %s\n", err)
		}
        }

        func (c *MySliceCmd) Execute(args []string) error {
		if len(args) > 0 {
			if cmd, ok := c.SubCommands[args[0]]; ok {
				return cmd.Execute(args[1:])
			}
		}
		for i := 0; i < len(args); i++ {
			arg := args[i]
			if arg == "--" {
				break
			}
			if strings.HasPrefix(arg, "-") && arg != "-" {
				name := arg
				value := ""
				hasValue := false
				if strings.Contains(arg, "=") {
					parts := strings.SplitN(arg, "=", 2)
					name = parts[0]
					value = parts[1]
					hasValue = true
				}
				trimmedName := strings.TrimLeft(name, "-")
				switch trimmedName {

				case "files", "f":
					if !hasValue {
						if i+1 < len(args) {
							value = args[i+1]
							i++
						} else {
							return fmt.Errorf("flag %s requires a value", name)
						}
					}
					c.files = append(c.files, value)

				case "counts":
					if !hasValue {
						if i+1 < len(args) {
							value = args[i+1]
							i++
						} else {
							return fmt.Errorf("flag %s requires a value", name)
						}
					}
					iv, err := strconv.Atoi(value)
					if err != nil {
						return fmt.Errorf("invalid integer value for flag %s: %s", name, value)
					}
					c.counts = append(c.counts, iv)

				case "debugs":
					if hasValue {
						b, err := strconv.ParseBool(value)
						if err != nil {
							return fmt.Errorf("invalid boolean value for flag %s: %s", name, value)
						}
						c.debugs = append(c.debugs, b)
					} else {
						c.debugs = append(c.debugs, true)
					}

				case "timeouts":
					if !hasValue {
						if i+1 < len(args) {
							value = args[i+1]
							i++
						} else {
							return fmt.Errorf("flag %s requires a value", name)
						}
					}
					d, err := time.ParseDuration(value)
					if err != nil {
						return fmt.Errorf("invalid duration value for flag %s: %s", name, value)
					}
					c.timeouts = append(c.timeouts, d)
				case "help", "h":
					c.Usage()
					return nil
				default:
					return fmt.Errorf("unknown flag: %s", name)
				}
			}
		}

		if c.CommandAction != nil {
			if err := c.CommandAction(c); err != nil {
				return fmt.Errorf("myslicecmd failed: %w", err)
			}
		} else {
			c.Usage()
		}

		return nil
        }

        func (c *RootCmd) NewMySliceCmd() *MySliceCmd {
		set := flag.NewFlagSet("myslicecmd", flag.ContinueOnError)
		v := &MySliceCmd{
			RootCmd:     c,
			Flags:       set,
			SubCommands: make(map[string]Cmd),
		}

		set.Var((*StringSlice)(&v.files), "f", "Files list")

		set.Var((*IntSlice)(&v.counts), "counts", "Counts list")

		set.Var((*BoolSlice)(&v.debugs), "debugs", "Debug list")

		set.Var((*DurationSlice)(&v.timeouts), "timeouts", "Timeouts list")
		set.Usage = v.Usage

		v.CommandAction = func(c *MySliceCmd) error {

			mypkg.MySliceFunc(c.files, c.counts, c.debugs, c.timeouts)
			return nil
		}

		v.SubCommands["help"] = &InternalCommand{
			Exec: func(args []string) error {
				for _, arg := range args {
					if arg == "-deep" {
						v.UsageRecursive()
						return nil
					}
				}
				v.Usage()
				return nil
			},
			UsageFunc: v.Usage,
		}
		v.SubCommands["usage"] = &InternalCommand{
			Exec: func(args []string) error {
				for _, arg := range args {
					if arg == "-deep" {
						v.UsageRecursive()
						return nil
					}
				}
				v.Usage()
				return nil
			},
			UsageFunc: v.Usage,
		}
		return v
        }
--- FAIL: TestGoTemplates (0.01s)
    --- FAIL: TestGoTemplates/cmd_slices.go.txtar (0.00s)
FAIL
FAIL	github.com/arran4/go-subcommand/templates	0.009s
FAIL
